// Jest Snapshot v1, https://goo.gl/fbAQLP

exports[`Header matches the snapshot 1`] = `
<div
  className="header"
>
  <h1>
    Spotify Dashboard
  </h1>
  <div
    className="header__instructions"
  >
    <ul>
      <li>
        Connect your Spotify device and browser to the same Wi-Fi
      </li>
      <li>
        Open your Spotify app
      </li>
      <li>
        Under 'Connect to a device', select 'Spotify Dashboard'
      </li>
    </ul>
  </div>
</div>
`;
